**********************************************************
OPT++ version 2.4
Job run at Wed Oct 26 12:52:17 2016

Copyright (c) 2001, Sandia Corporation.  Under the terms of Contract
DE-AC04-94AL85000, there is a non-exclusive license for use of this
work by or on behalf of the U.S. Government.  Export of this program 
may require a license from the United States Government. 

This software is distributed under the GNU Lesser General Public License. 

For more information, see the COPYRIGHT and README files in the top 
OPT++ directory.
**********************************************************

		 NIPS Iteration Summary

	Nonlinear Interior-Point Method Method with Line Search 
 
  Merit Function =  1 

  Iter    F(x)       mu          alpha      Merit    feval    btracks  Penalty

    0       0.6561            0 
    1        1.798            0           1        512.7    2   0      1e+02
    2        1.311            0           1        302.4    3   0      1e+02
    3      0.09505            0           1        1.579    4   0      1e+02
    4     0.002075            0           1      0.02059    5   0      1e+02
    5    0.0003077            0           1     0.002382    6   0      1e+02
    6     6.08e-05            0           1    0.0009753    7   0      1e+02
    7    1.201e-05            0           1    0.0001993    8   0      1e+02
    8    2.372e-06            0           1    3.964e-05    9   0      1e+02
    9    4.686e-07            0           1    7.854e-06   10   0      1e+02
   10    9.257e-08            0           1    1.554e-06   11   0      1e+02
   11    1.829e-08            0           1    3.072e-07   12   0      1e+02
   12    3.612e-09            0           1    6.071e-08   13   0      1e+02
   13    7.135e-10            0           1      1.2e-08   14   0      1e+02
   14    1.409e-10            0           1     2.37e-09   15   0      1e+02
   15    2.784e-11            0           1    4.682e-10   16   0      1e+02
L2 norm =    2.099e-06  ftol =        1e-06


=========  Solution from nips  ===========

Optimization method       = Nonlinear Interior-Point Method
Dimension of the problem  = 3
No. equalities            = 1
No. inequalities          = 0
Merit Function (0= NormFmu, 1 = Argaez, 2 = Vanderbei) = 1
Return code               = 2 (OptNIPSLike: Algorithm converged)
No. iterations taken      = 15
No. function evaluations  = 16
No. gradient evaluations  = 64
No. backtracks in lnsrch  = 0


=========  Solution from nips  ===========


    i	    xc 		 grad  		 fcn_accrcy 
     1      0.9989	   -1.77e-13	    2.22e-16
     2      0.9989	  -4.848e-08	    2.22e-16
     3       1.001	   4.848e-08	    2.22e-16
Function Value     =    2.784e-11
Norm of gradient   =    6.856e-08


==============================================



=========  Solution from nips  ===========


    i	   y    

    1  -8.852e-14


=====================================


    i	    z 	      s



==========  Tolerances  ===========

Machine Epsilon      = 2.22045e-16
Maximum Step         = 1000
Minimum Step         = 1.49012e-08
Maximum Iter         = 150
Maximum Backtracks   = 5
Maximum Fcn Eval     = 1000
Step Tolerance       = 1.49012e-08
Function Tolerance   = 1e-06
Constraint Tolerance = 1.49012e-08
Gradient Tolerance   = 6.05545e-06
LineSearch Tolerance = 0.0001
