**********************************************************
OPT++ version 2.4
Job run at Wed Oct 26 12:52:17 2016

Copyright (c) 2001, Sandia Corporation.  Under the terms of Contract
DE-AC04-94AL85000, there is a non-exclusive license for use of this
work by or on behalf of the U.S. Government.  Export of this program 
may require a license from the United States Government. 

This software is distributed under the GNU Lesser General Public License. 

For more information, see the COPYRIGHT and README files in the top 
OPT++ directory.
**********************************************************

		 NIPS Iteration Summary

	Nonlinear Interior-Point Method Method with Line Search 
 
  Merit Function =  1 

  Iter    F(x)       mu          alpha      Merit    feval    btracks  Penalty

    0        1.393       0.2361 
    1        1.649       0.2361           1        59.61    2   0      1e+02
    2        1.427     0.002361           1        6.166    3   0      1e+02
    3        1.396     0.002361           1         3.06    4   0      1e+02
    4        1.393    2.361e-05           1        1.421    5   0      1e+02
    5        1.393    2.361e-07           1        1.394    6   0      1e+02
L2 norm =    1.673e-07  ftol =        1e-06


=========  Solution from nips  ===========

Optimization method       = Nonlinear Interior-Point Method
Dimension of the problem  = 2
No. equalities            = 1
No. inequalities          = 1
Merit Function (0= NormFmu, 1 = Argaez, 2 = Vanderbei) = 1
Return code               = 2 (OptNIPSLike: Algorithm converged)
No. iterations taken      = 5
No. function evaluations  = 6
No. gradient evaluations  = 18
No. backtracks in lnsrch  = 0


=========  Solution from nips  ===========


    i	    xc 		 grad  		 fcn_accrcy 
     1      0.8229	      -2.354	    2.22e-16
     2      0.9114	     -0.1771	    2.22e-16
Function Value     =        1.393
Norm of gradient   =        2.361


==============================================



=========  Solution from nips  ===========


    i	   y    

    1      -1.594


=====================================


    i	    z 	      s

    1       1.847   1.281e-07


==========  Tolerances  ===========

Machine Epsilon      = 2.22045e-16
Maximum Step         = 1000
Minimum Step         = 1.49012e-08
Maximum Iter         = 150
Maximum Backtracks   = 5
Maximum Fcn Eval     = 1000
Step Tolerance       = 1.49012e-08
Function Tolerance   = 1e-06
Constraint Tolerance = 1.49012e-08
Gradient Tolerance   = 6.05545e-06
LineSearch Tolerance = 0.0001
