**********************************************************
OPT++ version 2.4
Job run at Wed Oct 26 12:52:17 2016

Copyright (c) 2001, Sandia Corporation.  Under the terms of Contract
DE-AC04-94AL85000, there is a non-exclusive license for use of this
work by or on behalf of the U.S. Government.  Export of this program 
may require a license from the United States Government. 

This software is distributed under the GNU Lesser General Public License. 

For more information, see the COPYRIGHT and README files in the top 
OPT++ directory.
**********************************************************

		 NIPS Iteration Summary

	Nonlinear Interior-Point Method Method with Line Search 
 
  Merit Function =  1 

  Iter    F(x)       mu          alpha      Merit    feval    btracks  Penalty

    0       0.1111      0.08467 
    1       0.1686      0.08467           1        118.2    2   0      1e+02
    2       0.1405    0.0008467       0.915        6.732    3   0      1e+02
    3       0.1145    0.0008467           1         2.99    4   0      1e+02
    4        0.112    0.0008467           1        2.843    5   0      1e+02
    5       0.1111    8.467e-06           1       0.1544    6   0      1e+02
    6       0.1111    8.467e-06           1        0.154    7   0      1e+02
    7       0.1111    8.467e-08           1       0.1117    8   0      1e+02
L2 norm =    1.199e-07  ftol =        1e-06


=========  Solution from nips  ===========

Optimization method       = Nonlinear Interior-Point Method
Dimension of the problem  = 3
No. equalities            = 0
No. inequalities          = 4
Merit Function (0= NormFmu, 1 = Argaez, 2 = Vanderbei) = 1
Return code               = 2 (OptNIPSLike: Algorithm converged)
No. iterations taken      = 7
No. function evaluations  = 8
No. gradient evaluations  = 32
No. backtracks in lnsrch  = 0


=========  Solution from nips  ===========


    i	    xc 		 grad  		 fcn_accrcy 
     1       1.333	     -0.2222	    2.22e-16
     2      0.7778	     -0.2222	    2.22e-16
     3      0.4444	     -0.4444	    2.22e-16
Function Value     =       0.1111
Norm of gradient   =       0.5443


==============================================



=========  Solution from nips  ===========


    i	   y    



=====================================


    i	    z 	      s

    1      0.2222   3.843e-07
    2   6.356e-08       1.333
    3   1.088e-07      0.7778
    4   1.896e-07      0.4444


==========  Tolerances  ===========

Machine Epsilon      = 2.22045e-16
Maximum Step         = 1000
Minimum Step         = 1.49012e-08
Maximum Iter         = 150
Maximum Backtracks   = 5
Maximum Fcn Eval     = 1000
Step Tolerance       = 1.49012e-08
Function Tolerance   = 1e-06
Constraint Tolerance = 1.49012e-08
Gradient Tolerance   = 6.05545e-06
LineSearch Tolerance = 0.0001
