**********************************************************
OPT++ version 2.4
Job run at Wed Oct 26 12:52:17 2016

Copyright (c) 2001, Sandia Corporation.  Under the terms of Contract
DE-AC04-94AL85000, there is a non-exclusive license for use of this
work by or on behalf of the U.S. Government.  Export of this program 
may require a license from the United States Government. 

This software is distributed under the GNU Lesser General Public License. 

For more information, see the COPYRIGHT and README files in the top 
OPT++ directory.
**********************************************************

		 NIPS Iteration Summary

	Nonlinear Interior-Point Method Method with Line Search 
 
  Merit Function =  1 

  Iter    F(x)       mu          alpha      Merit    feval    btracks  Penalty

    0       0.9535       0.9309 
    1        1.074       0.9309       0.961         1498    2   0      1e+02
    2        1.877       0.9309      0.1338          726    4   1      1e+02
    3        2.428       0.9309           1        695.5    5   1      1e+02
    4         1.21     0.009309      0.9381        149.5    6   1      1e+02
    5       0.9392     0.009309       0.794        61.97    7   1      1e+02
    6       0.9651     0.009309           1        38.11    8   1      1e+02
    7        0.963     0.009309           1        37.89    9   1      1e+02
    8       0.9535    9.309e-05      0.9977        1.673   10   1      1e+02
    9       0.9536    9.309e-05           1        1.623   11   1      1e+02
   10       0.9535    9.309e-07           1       0.9632   12   1      1e+02
L2 norm =    1.744e-06  ftol =        1e-06


=========  Solution from nips  ===========

Optimization method       = Nonlinear Interior-Point Method
Dimension of the problem  = 3
No. equalities            = 0
No. inequalities          = 7
Merit Function (0= NormFmu, 1 = Argaez, 2 = Vanderbei) = 1
Return code               = 2 (OptNIPSLike: Algorithm converged)
No. iterations taken      = 10
No. function evaluations  = 12
No. gradient evaluations  = 11


=========  Solution from nips  ===========


    i	    xc 		 grad 		 fcn_accrcy 
     1        3.65	     -0.5998	    2.22e-16
     2        3.65	     -0.5998	    2.22e-16
     3        4.62	     -0.7592	    2.22e-16
Function Value     =       0.9535
Norm of gradient   =        1.138


==============================================



=========  Solution from nips  ===========


    i	   y    



=====================================


    i	    z 	      s

    1     0.08215   1.119e-05
    2   1.142e-07        8.15
    3   1.142e-07        8.15
    4    9.67e-08        9.62
    5     1.1e-06      0.8495
    6     1.1e-06      0.8495
    7   2.493e-06      0.3796


==========  Tolerances  ===========

Machine Epsilon      = 2.22045e-16
Maximum Step         = 1000
Minimum Step         = 1.49012e-08
Maximum Iter         = 150
Maximum Backtracks   = 5
Maximum Fcn Eval     = 1000
Step Tolerance       = 1.49012e-08
Function Tolerance   = 1e-06
Constraint Tolerance = 1.49012e-08
Gradient Tolerance   = 6.05545e-06
LineSearch Tolerance = 0.0001
