**********************************************************
OPT++ version 2.4
Job run at Wed Oct 26 12:52:17 2016

Copyright (c) 2001, Sandia Corporation.  Under the terms of Contract
DE-AC04-94AL85000, there is a non-exclusive license for use of this
work by or on behalf of the U.S. Government.  Export of this program 
may require a license from the United States Government. 

This software is distributed under the GNU Lesser General Public License. 

For more information, see the COPYRIGHT and README files in the top 
OPT++ directory.
**********************************************************

		 NIPS Iteration Summary

	Nonlinear Interior-Point Method Method with Line Search 
 
  Merit Function =  1 

  Iter    F(x)       mu          alpha      Merit    feval    btracks  Penalty

    0            4            0 
    1        10.05            0           1     1.72e+04    2   0      1e+02
    2        3.952            0           1         1019    3   0      1e+02
    3       0.6232            0           1        7.009    4   0      1e+02
    4       0.3198            0           1       0.3283    5   0      1e+02
    5       0.2722            0         0.5        0.282    7   1      1e+02
    6        0.252            0        0.25       0.2653   10   3      1e+02
    7       0.2408            0         0.5       0.2642   12   4      1e+02
    8       0.2414            0           1       0.2419   13   4      1e+02
    9       0.2415            0           1       0.2415   14   4      1e+02
   10       0.2415            0           1       0.2415   15   4      1e+02
L2 norm =    1.138e-09  ftol =        1e-06


=========  Solution from nips  ===========

Optimization method       = Nonlinear Interior-Point Method
Dimension of the problem  = 5
No. equalities            = 2
No. inequalities          = 0
Merit Function (0= NormFmu, 1 = Argaez, 2 = Vanderbei) = 1
Return code               = 2 (OptNIPSLike: Algorithm converged)
No. iterations taken      = 10
No. function evaluations  = 15
No. gradient evaluations  = 66
No. backtracks in lnsrch  = 4


=========  Solution from nips  ===========


    i	    xc 		 grad  		 fcn_accrcy 
     1       1.166	      0.3005	    2.22e-16
     2       1.182	     0.03188	    2.22e-16
     3        1.38	      0.7605	    2.22e-16
     4       1.506	      0.5183	    2.22e-16
     5      0.6109	     -0.0535	    2.22e-16
Function Value     =       0.2415
Norm of gradient   =       0.9702


==============================================



=========  Solution from nips  ===========


    i	   y    

    1     0.08554
    2     0.03188


=====================================


    i	    z 	      s



==========  Tolerances  ===========

Machine Epsilon      = 2.22045e-16
Maximum Step         = 1000
Minimum Step         = 1.49012e-08
Maximum Iter         = 150
Maximum Backtracks   = 5
Maximum Fcn Eval     = 1000
Step Tolerance       = 1.49012e-08
Function Tolerance   = 1e-06
Constraint Tolerance = 1.49012e-08
Gradient Tolerance   = 6.05545e-06
LineSearch Tolerance = 0.0001
