**********************************************************
OPT++ version 2.4
Job run at Wed Oct 26 12:52:17 2016

Copyright (c) 2001, Sandia Corporation.  Under the terms of Contract
DE-AC04-94AL85000, there is a non-exclusive license for use of this
work by or on behalf of the U.S. Government.  Export of this program 
may require a license from the United States Government. 

This software is distributed under the GNU Lesser General Public License. 

For more information, see the COPYRIGHT and README files in the top 
OPT++ directory.
**********************************************************

		 NIPS Iteration Summary

	Nonlinear Interior-Point Method Method with Line Search 
 
  Merit Function =  1 

  Iter    F(x)       mu          alpha      Merit    feval    btracks  Penalty

    0           25        22.36 
    1       0.5663        22.36      0.3625        -2685    3   1      1e+02
    2        0.209        22.36      0.4911        -4294    5   2      1e+02
    3       0.2387       0.2236           1        58.28    6   2      1e+02
    4       0.1843     0.002236           1        3.773    7   2      1e+02
    5      0.07822     0.002236           1        1.924    8   2      1e+02
    6      0.06404     0.002236      0.2622        1.745   10   3      1e+02
    7      0.05715     0.002236         0.3        1.663   12   4      1e+02
    8      0.05052    2.236e-05      0.5807      0.08465   13   4      1e+02
    9      0.05046    2.236e-05           1      0.07669   14   4      1e+02
   10      0.05043    2.236e-07           1      0.05079   15   4      1e+02
L2 norm =    1.575e-06  ftol =        1e-06


=========  Solution from nips  ===========

Optimization method       = Nonlinear Interior-Point Method
Dimension of the problem  = 2
No. equalities            = 0
No. inequalities          = 1
Merit Function (0= NormFmu, 1 = Argaez, 2 = Vanderbei) = 1
Return code               = 2 (OptNIPSLike: Algorithm converged)
No. iterations taken      = 10
No. function evaluations  = 15
No. gradient evaluations  = 33
No. backtracks in lnsrch  = 4


=========  Solution from nips  ===========


    i	    xc 		 grad  		 fcn_accrcy 
     1       1.224	   2.053e-06	    2.22e-16
     2         1.5	      0.1833	    2.22e-16
Function Value     =      0.05043
Norm of gradient   =       0.1833


==============================================



=========  Solution from nips  ===========


    i	   y    



=====================================


    i	    z 	      s

    1      0.1833   1.211e-06


==========  Tolerances  ===========

Machine Epsilon      = 2.22045e-16
Maximum Step         = 1000
Minimum Step         = 1.49012e-08
Maximum Iter         = 150
Maximum Backtracks   = 5
Maximum Fcn Eval     = 1000
Step Tolerance       = 1.49012e-08
Function Tolerance   = 1e-06
Constraint Tolerance = 1.49012e-08
Gradient Tolerance   = 6.05545e-06
LineSearch Tolerance = 0.0001
