**********************************************************
OPT++ version 2.4
Job run at Wed Oct 26 12:52:17 2016

Copyright (c) 2001, Sandia Corporation.  Under the terms of Contract
DE-AC04-94AL85000, there is a non-exclusive license for use of this
work by or on behalf of the U.S. Government.  Export of this program 
may require a license from the United States Government. 

This software is distributed under the GNU Lesser General Public License. 

For more information, see the COPYRIGHT and README files in the top 
OPT++ directory.
**********************************************************

		 NIPS Iteration Summary

	Nonlinear Interior-Point Method Method with Line Search 
 
  Merit Function =  1 

  Iter    F(x)       mu          alpha      Merit    feval    btracks  Penalty

    0            0         0.05 
    1    0.0003491         0.05           1        19.94    2   0      1e+02
    2    1.035e-05       0.0005           1       0.4511    3   0      1e+02
    3    6.889e-08       0.0005           1       0.4295    4   0      1e+02
    4    4.532e-12        5e-06           1     0.006598    5   0      1e+02
    5    4.025e-16        5e-08           1    8.901e-05    6   0      1e+02
L2 norm =    3.539e-08  ftol =        1e-06


=========  Solution from nips  ===========

Optimization method       = Nonlinear Interior-Point Method
Dimension of the problem  = 2
No. equalities            = 0
No. inequalities          = 1
Merit Function (0= NormFmu, 1 = Argaez, 2 = Vanderbei) = 1
Return code               = 2 (OptNIPSLike: Algorithm converged)
No. iterations taken      = 5
No. function evaluations  = 6
No. gradient evaluations  = 18
No. backtracks in lnsrch  = 0


=========  Solution from nips  ===========


    i	    xc 		 grad  		 fcn_accrcy 
     1           1	   1.732e-09	    2.22e-16
     2           1	   1.917e-08	    2.22e-16
Function Value     =    4.025e-16
Norm of gradient   =    1.925e-08


==============================================



=========  Solution from nips  ===========


    i	   y    



=====================================


    i	    z 	      s

    1       2e-08         2.5


==========  Tolerances  ===========

Machine Epsilon      = 2.22045e-16
Maximum Step         = 1000
Minimum Step         = 1.49012e-08
Maximum Iter         = 150
Maximum Backtracks   = 5
Maximum Fcn Eval     = 1000
Step Tolerance       = 1.49012e-08
Function Tolerance   = 1e-06
Constraint Tolerance = 1.49012e-08
Gradient Tolerance   = 6.05545e-06
LineSearch Tolerance = 0.0001
