**********************************************************
OPT++ version 2.4
Job run at Wed Oct 26 12:52:17 2016

Copyright (c) 2001, Sandia Corporation.  Under the terms of Contract
DE-AC04-94AL85000, there is a non-exclusive license for use of this
work by or on behalf of the U.S. Government.  Export of this program 
may require a license from the United States Government. 

This software is distributed under the GNU Lesser General Public License. 

For more information, see the COPYRIGHT and README files in the top 
OPT++ directory.
**********************************************************

		 NIPS Iteration Summary

	Nonlinear Interior-Point Method Method with Line Search 
 
  Merit Function =  1 

  Iter    F(x)       mu          alpha      Merit    feval    btracks  Penalty

    0           -1       0.1414 
    1      -0.8307       0.1414           1         43.6    2   0      1e+02
    2      -0.9491     0.001414           1        5.036    3   0      1e+02
    3           -1     0.001414           1       0.0765    4   0      1e+02
    4           -1    1.414e-05           1      -0.9828    5   0      1e+02
    5           -1    1.414e-07           1      -0.9998    6   0      1e+02
L2 norm =    1.001e-07  ftol =        1e-06


=========  Solution from nips  ===========

Optimization method       = Nonlinear Interior-Point Method
Dimension of the problem  = 2
No. equalities            = 0
No. inequalities          = 1
Merit Function (0= NormFmu, 1 = Argaez, 2 = Vanderbei) = 1
Return code               = 2 (OptNIPSLike: Algorithm converged)
No. iterations taken      = 5
No. function evaluations  = 6
No. gradient evaluations  = 18
No. backtracks in lnsrch  = 0


=========  Solution from nips  ===========


    i	    xc 		 grad  		 fcn_accrcy 
     1   2.815e-17	           1	    2.22e-16
     2           1	          -1	    2.22e-16
Function Value     =           -1
Norm of gradient   =        1.414


==============================================



=========  Solution from nips  ===========


    i	   y    



=====================================


    i	    z 	      s

    1         0.5   2.832e-07


==========  Tolerances  ===========

Machine Epsilon      = 2.22045e-16
Maximum Step         = 1000
Minimum Step         = 1.49012e-08
Maximum Iter         = 50
Maximum Backtracks   = 5
Maximum Fcn Eval     = 1000
Step Tolerance       = 1.49012e-08
Function Tolerance   = 1e-06
Constraint Tolerance = 1.49012e-08
Gradient Tolerance   = 6.05545e-06
LineSearch Tolerance = 0.0001
