************************************************************
OPT++ version 2.4
Job run at Wed Oct 26 12:52:20 2016

Copyright (c) 2001, Sandia Corporation.  Under the terms of Contract
DE-AC04-94AL85000, there is a non-exclusive license for use of this
work by or on behalf of the U.S. Government.  Export of this program 
may require a license from the United States Government. 

This software is distributed under the GNU Lesser General Public License. 

For more information, see the COPYRIGHT and README files in the top 
OPT++ directory.
************************************************************

		Nonlinear LBFGS with m = 2
  Iter      F(x)      ||grad||    ||step||       gtp      fevals  

    0         24.2        232.9            0            0      0
    1        9.744        116.4       0.0835    -2.71e+04      4
    2        4.274        17.41      0.08353        -1.45      5
    3        4.134        2.442      0.01467     -0.02713      6
    4        4.129        1.778     0.002522    -0.003029      7
    5        4.119        3.295     0.008098     -0.00436     10
    6        4.078        8.481      0.04056     -0.01241     13
    7        2.633        12.36       0.8211      0.01358     18
    8        2.274        12.04       0.1896     -0.04459     20
    9        2.132        6.261      0.01589       -47.67     24
   10         1.76        11.79       0.2802       0.2155     25
   11        1.536        4.508      0.03201      -0.1053     26
   12        1.225        7.699       0.2005       0.0238     27
   13       0.9312        2.542      0.08985      -0.1149     30
   14       0.8465        4.686      0.07024      -0.1504     32
   15       0.7263        6.609       0.1055     -0.03212     33
   16       0.5053        1.488        0.104      -0.1396     34
   17       0.4313         4.44      0.09304      -0.0441     36
   18       0.3545        5.452      0.09493     -0.04538     37
   19       0.2677        1.507       0.0636      -0.1334     39
   20       0.1981        5.588       0.1587      0.01169     42
   21       0.1311        1.661      0.07912     -0.03264     45
   22       0.1007        4.405       0.1136     -0.01156     47
   23      0.04117        4.174       0.2192    -0.005384     50
   24      0.03258        2.094     0.002752      -0.1535     53
   25     0.004448        1.074       0.2247    -0.003343     56
   26     0.001461       0.5326      0.05496    -0.001257     59
   27    0.0002426       0.1305      0.04585   -0.0006644     60
   28    0.0001555       0.3855      0.01403   -1.752e-05     62
   29    1.078e-06      0.01537       0.0178   -2.091e-05     63
   30    1.763e-08      0.00477     0.002014   -1.914e-07     64
checkConvg: deltaf =    9.809e-09  ftol =     1.49e-08
   31    7.824e-09     0.001049    1.413e-05   -1.929e-08     68


=========  Solution from LBFGS: More and Thuente's linesearch  ===========

Optimization method       = Limited Memory BFGS method
Dimension of the problem  = 2
Return code               = 2 (Function tolerance test passed)
No. iterations taken      = 31
No. function evaluations  = 68
No. gradient evaluations  = 68
Function Value            = 7.82446e-09
Norm of gradient          = 0.00104901


==========  Tolerances  ===========

Machine Epsilon      = 2.22045e-16
Maximum Step         = 1000
Minimum Step         = 1.49012e-08
Maximum Iter         = 100
Maximum Backtracks   = 10
Maximum Fcn Eval     = 1000
Step Tolerance       = 1.49012e-08
Function Tolerance   = 1.49012e-08
Constraint Tolerance = 1.49012e-08
Gradient Tolerance   = 1e-06
LineSearch Tolerance = 0.0001


=========  Solution from LBFGS: More and Thuente's linesearch  ===========


    i	    xc 		 grad  		 fcn_accrcy 
     1      0.9999	   0.0009021	    2.22e-16
     2      0.9998	  -0.0005354	    2.22e-16
Function Value     =    7.824e-09
Norm of gradient   =     0.001049


==============================================

