**********************************************************
OPT++ version 2.4
Job run at Wed Oct 26 12:52:19 2016

Copyright (c) 2001, Sandia Corporation.  Under the terms of Contract
DE-AC04-94AL85000, there is a non-exclusive license for use of this
work by or on behalf of the U.S. Government.  Export of this program 
may require a license from the United States Government. 

This software is distributed under the GNU Lesser General Public License. 

For more information, see the COPYRIGHT and README files in the top 
OPT++ directory.
**********************************************************


=========  Initial state  ===========


    i	    xc 		 grad 		 fcn_accrcy 
     1        -1.2	      -215.6	    2.22e-16
     2           1	         -88	    2.22e-16
Function Value     =         24.2
Norm of gradient   =        232.9


==============================================


		Newton Method with Trust Regions
		 Initial Trust Region =          100

  Iter      F(x)       ||grad||     ||step||      f/g

    0         24.2        232.9
    1        4.732        4.639       0.3815  N     2     2
    2        4.007        17.06        0.495  D     4     3
    3        3.488        29.44       0.5839  N     5     4
    4        2.562        6.126       0.1233  N     6     5
    5        2.367        2.191      0.07855  D     8     6
    6         2.04        3.348       0.1571  D     9     7
    7        1.657        11.82       0.3142  D    10     8
    8        1.173        3.376        0.107  N    11     9
    9        1.106        2.566      0.03325  D    13    10
   10        1.006        3.957      0.06649  D    14    11
   11       0.7566        3.111        0.133  D    15    12
   12        0.625        10.64       0.2279  N    16    13
   13       0.3372       0.9314       0.1106  N    17    14
   14       0.3096        2.576      0.04257  D    19    15
   15        0.242        1.876      0.08514  D    20    16
   16       0.1556        3.843       0.1703  D    21    17
   17      0.08304        3.045       0.1704  N    22    18
   18       0.0392        2.905       0.1697  N    23    19
   19      0.01465        1.654       0.1365  N    24    20
   20     0.004051        1.392        0.124  N    25    21
   21    0.0005762       0.3975      0.07052  N    26    22
   22    2.417e-05       0.1419      0.04096  N    27    23
   23    6.433e-08      0.00475     0.007865  N    28    24
   24     5.43e-13    2.181e-05    0.0005143  N    29    25
   25    1.499e-21    1.228e-10    1.237e-06  N    30    26
checkConvg: deltaf =     5.43e-13  ftol =     1.49e-08


=========  Solution from newton: trust regions  ===========

Optimization method       = Newton
Dimension of the problem  = 2
Return code               = 2 (Function tolerance test passed)
No. iterations taken      = 25
No. function evaluations  = 30
No. gradient evaluations  = 26


==========  Tolerances  ===========

Machine Epsilon      = 2.22045e-16
Maximum Step         = 1000
Minimum Step         = 1.49012e-08
Maximum Iter         = 100
Maximum Backtracks   = 5
Maximum Fcn Eval     = 1000
Step Tolerance       = 1.49012e-08
Function Tolerance   = 1.49012e-08
Constraint Tolerance = 1.49012e-08
Gradient Tolerance   = 6.05545e-06
LineSearch Tolerance = 0.0001


=========  Solution from newton: trust regions  ===========


    i	    xc 		 grad 		 fcn_accrcy 
     1           1	   9.005e-11	    2.22e-16
     2           1	  -8.351e-11	    2.22e-16
Function Value     =    1.499e-21
Norm of gradient   =    1.228e-10


==============================================

**********************************************************
OPT++ version 2.4
Job run at Wed Oct 26 12:52:19 2016

Copyright (c) 2001, Sandia Corporation.  Under the terms of Contract
DE-AC04-94AL85000, there is a non-exclusive license for use of this
work by or on behalf of the U.S. Government.  Export of this program 
may require a license from the United States Government. 

This software is distributed under the GNU Lesser General Public License. 

For more information, see the COPYRIGHT and README files in the top 
OPT++ directory.
**********************************************************


=========  Initial state  ===========


    i	    xc 		 grad 		 fcn_accrcy 
     1        -1.2	      -215.6	    2.22e-16
     2           1	         -88	    2.22e-16
Function Value     =         24.2
Norm of gradient   =        232.9


==============================================


		Newton Method with Line Search

  Iter      F(x)       ||grad||     ||step||      f/g

    0         24.2        232.9
    1        4.732        4.639       0.3815  N     2     2
    2        4.332        8.637       0.2459  B     5     5
    3        3.808        16.49       0.3598  B     7     7
    4        3.271         26.6       0.5392  N     8     8
    5        2.418        6.091       0.1276  N     9     9
    6        2.076        8.893       0.1967  B    11    11
    7        1.683        12.12       0.2802  N    12    12
    8        1.189        3.359       0.1055  N    13    13
    9       0.9708        4.815       0.1273  B    15    15
   10       0.7063        6.016       0.1763  N    16    16
   11       0.4693         2.59       0.1376  N    17    17
   12       0.3611        9.547       0.2326  N    18    18
   13       0.1816       0.7133        0.114  N    19    19
   14       0.1234        2.825        0.135  B    21    21
   15      0.06622        4.258       0.1942  N    22    22
   16      0.02749        1.337       0.1289  N    23    23
   17      0.01131        3.156        0.176  N    24    24
   18     0.002008       0.2707      0.06661  N    25    25
   19    0.0002456       0.6318       0.0827  N    26    26
   20    1.913e-06     0.007633      0.01182  N    27    27
   21     3.79e-10    0.0008151     0.003055  N    28    28
   22    7.353e-18    1.308e-08    1.542e-05  N    29    29
checkConvg: deltaf =     3.79e-10  ftol =     1.49e-08


=========  Solution from newton: More and Thuente linesearch  ===========

Optimization method       = Newton
Dimension of the problem  = 2
Return code               = 2 (Function tolerance test passed)
No. iterations taken      = 22
No. function evaluations  = 29
No. gradient evaluations  = 29


==========  Tolerances  ===========

Machine Epsilon      = 2.22045e-16
Maximum Step         = 1000
Minimum Step         = 1.49012e-08
Maximum Iter         = 100
Maximum Backtracks   = 5
Maximum Fcn Eval     = 1000
Step Tolerance       = 1.49012e-08
Function Tolerance   = 1.49012e-08
Constraint Tolerance = 1.49012e-08
Gradient Tolerance   = 6.05545e-06
LineSearch Tolerance = 0.0001


=========  Solution from newton: More and Thuente linesearch  ===========


    i	    xc 		 grad 		 fcn_accrcy 
     1           1	   1.043e-08	    2.22e-16
     2           1	  -7.898e-09	    2.22e-16
Function Value     =    7.353e-18
Norm of gradient   =    1.308e-08


==============================================

**********************************************************
OPT++ version 2.4
Job run at Wed Oct 26 12:52:19 2016

Copyright (c) 2001, Sandia Corporation.  Under the terms of Contract
DE-AC04-94AL85000, there is a non-exclusive license for use of this
work by or on behalf of the U.S. Government.  Export of this program 
may require a license from the United States Government. 

This software is distributed under the GNU Lesser General Public License. 

For more information, see the COPYRIGHT and README files in the top 
OPT++ directory.
**********************************************************


=========  Initial state  ===========


    i	    xc 		 grad 		 fcn_accrcy 
     1        -1.2	      -215.6	    2.22e-16
     2           1	         -88	    2.22e-16
Function Value     =         24.2
Norm of gradient   =        232.9


==============================================


		Newton Method with Line Search

  Iter      F(x)       ||grad||     ||step||      f/g

    0         24.2        232.9
    1        4.732        4.639       0.3815  N     2     2
    2        4.071         20.4        0.495  B     4     3
    3        3.347        22.07       0.4726  N     5     4
    4        2.613        9.848       0.2315  N     6     5
    5        2.397        20.85       0.4297  N     7     6
    6        1.537        3.231      0.08307  N     8     7
    7        1.401        3.424      0.06375  B    10     8
    8        1.269        3.518      0.06262  B    12     9
    9        1.098         3.85       0.0867  B    14    10
   10        1.026        13.47       0.2536  N    15    11
   11       0.5288        1.275       0.1053  N    16    12
   12       0.4677        1.224      0.05069  B    18    13
   13       0.4008        1.399      0.06302  B    20    14
   14       0.3141        2.433       0.1011  B    22    15
   15       0.2261        8.524       0.2353  N    23    16
   16       0.1056       0.6775       0.1138  N    24    17
   17      0.07015        1.958       0.1134  B    26    18
   18      0.03627        4.597       0.2038  N    27    19
   19      0.01105        0.563       0.0945  N    28    20
   20     0.004131        2.497       0.1582  N    29    21
   21    0.0002182      0.04615      0.03288  N    30    22
   22    4.308e-06      0.08973      0.03159  N    31    23
   23    3.171e-10    5.583e-05      0.00116  N    32    24
   24    1.311e-17     1.39e-07    3.976e-05  N    33    25
checkConvg: deltaf =    3.171e-10  ftol =     1.49e-08


=========  Solution from newton: backtracking linesearch  ===========

Optimization method       = Newton
Dimension of the problem  = 2
Return code               = 2 (Function tolerance test passed)
No. iterations taken      = 24
No. function evaluations  = 33
No. gradient evaluations  = 25


==========  Tolerances  ===========

Machine Epsilon      = 2.22045e-16
Maximum Step         = 1000
Minimum Step         = 1.49012e-08
Maximum Iter         = 100
Maximum Backtracks   = 5
Maximum Fcn Eval     = 1000
Step Tolerance       = 1.49012e-08
Function Tolerance   = 1.49012e-08
Constraint Tolerance = 1.49012e-08
Gradient Tolerance   = 6.05545e-06
LineSearch Tolerance = 0.0001


=========  Solution from newton: backtracking linesearch  ===========


    i	    xc 		 grad 		 fcn_accrcy 
     1           1	   1.236e-07	    2.22e-16
     2           1	  -6.353e-08	    2.22e-16
Function Value     =    1.311e-17
Norm of gradient   =     1.39e-07


==============================================

