**********************************************************
OPT++ version 2.4
Job run at Wed Oct 26 12:52:19 2016

Copyright (c) 2001, Sandia Corporation.  Under the terms of Contract
DE-AC04-94AL85000, there is a non-exclusive license for use of this
work by or on behalf of the U.S. Government.  Export of this program 
may require a license from the United States Government. 

This software is distributed under the GNU Lesser General Public License. 

For more information, see the COPYRIGHT and README files in the top 
OPT++ directory.
**********************************************************


=========  Initial state  ===========


    i	    xc 		 grad  		 fcn_accrcy 
     1        -1.2	      -215.6	    2.22e-16
     2           1	         -88	    2.22e-16
Function Value     =         24.2
Norm of gradient   =        232.9


==============================================


		Quasi-Newton Method with Trust Regions
		 Initial Trust Region =          100

  Iter      F(x)       ||grad||     ||step||      f/g

    0         24.2        232.9
    1        6.333        71.09         0.12  C     3     2
    2        4.199        10.78      0.05368  N     4     3
    3        4.135        2.025      0.01135  N     5     4
    4        4.113        2.161      0.01232  N     6     5
    5        3.967        8.748       0.1032  N     7     6
    6         2.84        5.411        0.588  N     8     7
    7        2.742        12.86       0.1176  D    10     8
    8         2.62        12.84      0.06634  N    11     9
    9        2.118        10.66       0.2352  D    12    10
   10        1.716        4.732        0.128  N    13    11
   11        1.606        2.282       0.0393  D    15    12
   12        1.472        4.587      0.07861  C    16    13
   13          1.2        6.394       0.1572  D    17    14
   14       0.9133        5.718        0.144  N    18    15
   15       0.8096         7.45        0.107  N    19    16
   16       0.6832        1.968       0.0282  C    21    17
   17       0.6165          3.1       0.0564  D    22    18
   18       0.5104         5.49       0.1128  D    23    19
   19       0.3683        3.218       0.1051  N    24    20
   20       0.2668        3.077       0.1215  N    25    21
   21       0.1889        4.825       0.1485  N    26    22
   22       0.1454        2.025      0.04859  D    28    23
   23       0.1053        2.316      0.09718  D    29    24
   24      0.05335        3.131       0.1819  N    30    25
   25      0.03435        3.714       0.1079  N    31    26
   26      0.02089       0.5451       0.0304  D    33    27
   27      0.01337       0.8647       0.0608  D    34    28
   28     0.005378        2.056       0.1216  D    35    29
   29     0.001485       0.1156      0.03677  N    36    30
   30    0.0003498       0.7409      0.06578  N    37    31
   31    4.072e-05      0.07272     0.005243  N    38    32
   32    7.435e-07      0.01698      0.01204  N    39    33
   33    2.975e-09     0.001578     0.001639  N    40    34
   34    1.494e-12    3.456e-05    9.103e-05  N    41    35
checkConvg: deltaf =    2.973e-09  ftol =     1.49e-08


=========  Solution from quasi-newton: trust regions  ===========

Optimization method       = Quasi-Newton
Dimension of the problem  = 2
Return code               = 2 (Function tolerance test passed)
No. iterations taken      = 34
No. function evaluations  = 41
No. gradient evaluations  = 35


==========  Tolerances  ===========

Machine Epsilon      = 2.22045e-16
Maximum Step         = 1000
Minimum Step         = 1.49012e-08
Maximum Iter         = 100
Maximum Backtracks   = 5
Maximum Fcn Eval     = 1000
Step Tolerance       = 1.49012e-08
Function Tolerance   = 1.49012e-08
Constraint Tolerance = 1.49012e-08
Gradient Tolerance   = 6.05545e-06
LineSearch Tolerance = 0.0001


=========  Solution from quasi-newton: trust regions  ===========


    i	    xc 		 grad  		 fcn_accrcy 
     1           1	  -3.129e-05	    2.22e-16
     2           1	   1.467e-05	    2.22e-16
Function Value     =    1.494e-12
Norm of gradient   =    3.456e-05


==============================================

**********************************************************
OPT++ version 2.4
Job run at Wed Oct 26 12:52:19 2016

Copyright (c) 2001, Sandia Corporation.  Under the terms of Contract
DE-AC04-94AL85000, there is a non-exclusive license for use of this
work by or on behalf of the U.S. Government.  Export of this program 
may require a license from the United States Government. 

This software is distributed under the GNU Lesser General Public License. 

For more information, see the COPYRIGHT and README files in the top 
OPT++ directory.
**********************************************************


=========  Initial state  ===========


    i	    xc 		 grad  		 fcn_accrcy 
     1        -1.2	      -215.6	    2.22e-16
     2           1	         -88	    2.22e-16
Function Value     =         24.2
Norm of gradient   =        232.9


==============================================


		Quasi-Newton Method with Line Search

  Iter      F(x)       ||grad||     ||step||      f/g

    0         24.2        232.9
    1        4.408           24       0.2069  B     3     3
    2        4.105        3.997      0.02507  N     4     4
    3        4.076        2.229      0.01369  N     5     5
    4        4.042        5.114      0.02528  N     6     6
    5        3.924        13.59       0.1133  N     7     7
    6         3.79        20.62       0.1567  N     8     8
    7        3.592        21.98       0.1433  N     9     9
    8        3.089        18.26       0.2407  N    10    10
    9        2.559        6.065        0.144  N    11    11
   10         2.35         11.3       0.1593  B    13    13
   11        2.121        15.55       0.2285  N    14    14
   12        1.719        4.669      0.04087  N    15    15
   13        1.408         7.62       0.1881  N    16    16
   14        1.193        7.069       0.1025  N    17    17
   15        0.931        4.723       0.1131  N    18    18
   16       0.7055        1.672       0.1044  B    20    20
   17       0.6552        3.701      0.05081  B    22    22
   18       0.6083        5.005      0.05018  N    23    23
   19       0.5031        5.657       0.0934  N    24    24
   20       0.3562         2.43       0.1025  N    25    25
   21        0.287        7.035       0.1538  N    26    26
   22       0.1735       0.5653      0.09558  N    27    27
   23       0.1394        1.696      0.07354  B    29    29
   24       0.1103        4.289       0.1031  B    31    31
   25      0.07888         3.75      0.08265  N    32    32
   26      0.04263        0.677       0.1012  N    33    33
   27      0.02741        1.954      0.09189  B    35    35
   28      0.01917        3.648       0.1035  N    36    36
   29     0.008193         1.04      0.04009  N    37    37
   30     0.002694        1.105      0.08882  N    38    38
   31    0.0005728       0.2035      0.04722  N    39    39
   32    0.0001733       0.5656      0.04406  N    40    40
   33    1.129e-05       0.1327     0.004543  N    41    41
   34    2.626e-08     0.001553     0.003171  N    42    42
   35    3.388e-10    0.0004948    0.0003214  N    43    43
   36    1.053e-15    8.601e-07    3.288e-05  N    44    44
checkConvg: deltaf =    3.388e-10  ftol =     1.49e-08


=========  Solution from quasi-newton: More-Thuente linesearch  ===========

Optimization method       = Quasi-Newton
Dimension of the problem  = 2
Return code               = 2 (Function tolerance test passed)
No. iterations taken      = 36
No. function evaluations  = 44
No. gradient evaluations  = 44


==========  Tolerances  ===========

Machine Epsilon      = 2.22045e-16
Maximum Step         = 1000
Minimum Step         = 1.49012e-08
Maximum Iter         = 100
Maximum Backtracks   = 5
Maximum Fcn Eval     = 1000
Step Tolerance       = 1.49012e-08
Function Tolerance   = 1.49012e-08
Constraint Tolerance = 1.49012e-08
Gradient Tolerance   = 6.05545e-06
LineSearch Tolerance = 0.0001


=========  Solution from quasi-newton: More-Thuente linesearch  ===========


    i	    xc 		 grad  		 fcn_accrcy 
     1           1	   7.589e-07	    2.22e-16
     2           1	  -4.048e-07	    2.22e-16
Function Value     =    1.053e-15
Norm of gradient   =    8.601e-07


==============================================

**********************************************************
OPT++ version 2.4
Job run at Wed Oct 26 12:52:19 2016

Copyright (c) 2001, Sandia Corporation.  Under the terms of Contract
DE-AC04-94AL85000, there is a non-exclusive license for use of this
work by or on behalf of the U.S. Government.  Export of this program 
may require a license from the United States Government. 

This software is distributed under the GNU Lesser General Public License. 

For more information, see the COPYRIGHT and README files in the top 
OPT++ directory.
**********************************************************


=========  Initial state  ===========


    i	    xc 		 grad  		 fcn_accrcy 
     1        -1.2	      -215.6	    2.22e-16
     2           1	         -88	    2.22e-16
Function Value     =         24.2
Norm of gradient   =        232.9


==============================================


		Quasi-Newton Method with Line Search

  Iter      F(x)       ||grad||     ||step||      f/g

    0         24.2        232.9
    1        18.34          151       0.3603  B     3     2
    2        4.598        33.76       0.1536  N     4     3
    3        3.985        5.892      0.04381  N     5     4
    4        3.956        1.862     0.009313  N     6     5
    5        3.922        3.094       0.0208  N     7     6
    6        3.728        9.582       0.1335  N     8     7
    7        3.344        9.452       0.2092  B    10     8
    8        2.732         3.78       0.2875  B    12     9
    9        2.605        10.84       0.1172  B    14    10
   10        2.572        13.06      0.04771  N    15    11
   11        2.495        14.13      0.06115  N    16    12
   12        2.272         14.9       0.1465  N    17    13
   13        1.965        10.78      0.08464  N    18    14
   14        1.578        4.152       0.1069  N    19    15
   15        1.472        5.827       0.0673  B    21    16
   16        1.427        13.77       0.2319  N    22    17
   17         1.12        2.213       0.1049  N    23    18
   18       0.9841        2.252      0.06781  N    24    19
   19       0.8947        2.843      0.05202  B    26    20
   20       0.8057        4.072      0.06357  B    28    21
   21       0.7248         8.61       0.1316  N    29    22
   22       0.5901        3.086      0.02327  N    30    23
   23       0.4517        1.466       0.1017  N    31    24
   24       0.3772        3.775      0.09197  B    33    25
   25        0.303        7.168       0.1448  N    34    26
   26       0.1984       0.7519      0.07086  N    35    27
   27       0.1405        5.573       0.1726  N    36    28
   28       0.1007        1.972      0.04125  N    37    29
   29      0.07079        6.784       0.2058  N    38    30
   30      0.04034        0.572      0.01114  N    39    31
   31      0.02356       0.6288      0.09194  N    40    32
   32      0.01588        1.888      0.07109  B    42    33
   33     0.008889        2.458      0.08904  N    43    34
   34     0.002706       0.4705      0.04962  N    44    35
   35    0.0007532       0.8493      0.06813  N    45    36
   36    8.042e-05      0.03116      0.02349  N    46    37
   37    6.151e-06       0.1099      0.01915  N    47    38
   38    4.928e-08      0.00484    0.0003739  N    48    39
   39    3.372e-11    1.107e-05    0.0004209  N    49    40
   40    1.245e-15    1.529e-06    1.297e-05  N    50    41
checkConvg: deltaf =    3.372e-11  ftol =     1.49e-08


=========  Solution from quasi-newton: backtrack linesearch  ===========

Optimization method       = Quasi-Newton
Dimension of the problem  = 2
Return code               = 2 (Function tolerance test passed)
No. iterations taken      = 40
No. function evaluations  = 50
No. gradient evaluations  = 41


==========  Tolerances  ===========

Machine Epsilon      = 2.22045e-16
Maximum Step         = 1000
Minimum Step         = 1.49012e-08
Maximum Iter         = 100
Maximum Backtracks   = 5
Maximum Fcn Eval     = 1000
Step Tolerance       = 1.49012e-08
Function Tolerance   = 1.49012e-08
Constraint Tolerance = 1.49012e-08
Gradient Tolerance   = 6.05545e-06
LineSearch Tolerance = 0.0001


=========  Solution from quasi-newton: backtrack linesearch  ===========


    i	    xc 		 grad  		 fcn_accrcy 
     1           1	   1.364e-06	    2.22e-16
     2           1	  -6.897e-07	    2.22e-16
Function Value     =    1.245e-15
Norm of gradient   =    1.529e-06


==============================================

