Test problem: erosen
Dimension   : 2
Creating SCHEME file: /home/tsix/tsix/high_jump/phd/lib/optpp-2.4/tests/parallel/myscheme
pdsopt: factor  =           32
        beta    =           2

		 PDS Iteration Summary

  Iter    F(x)       ||edge||    step   fevals    jbest

    0         24.2            1              3       0
    1       0.6742            1    1       259       1
    2      0.02695            1    1       515       2
    3      0.02695        0.125    0       771       2
    4      0.00162      0.03125    1      1027       1
    5    0.0002733      0.01562    1      1283       0
    6     2.75e-06     0.003906    1      1539       0
    7    4.325e-07    0.0009766    1      1795       1
    8    2.768e-07    0.0004883    1      2051       0
    9    1.227e-07    0.0001221    1      2307       2
   10    4.601e-08    6.104e-05    1      2563       1
   11    8.243e-09    0.0001221    1      2819       0
   12    4.609e-09    3.052e-05    1      3075       0
pdsdone: Function tolerance test passed



=========  Solution from PDS  ===========

Optimization method       = PDS
Dimension of the problem  = 2
Search Scheme Size        = 256
Simplex type              = 2
Return code               = 0 (pdsdone: Function tolerance test passed)
No. iterations taken      = 12
No. function evaluations  = 3075


=========  Solution from PDS  ===========


    i	   x  	      grad   		 fcn_accrcy 

    1	           1		    2.22e-16
    2	           1		    2.22e-16
Function Value     =    4.609e-09


===================================================



==========  Tolerances  ===========

Machine Epsilon      = 2.22045e-16
Maximum Step         = 1000
Minimum Step         = 1.49012e-08
Maximum Iter         = 500
Maximum Backtracks   = 5
Maximum Fcn Eval     = 10000
Step Tolerance       = 1.49012e-08
Function Tolerance   = 1.49012e-08
Constraint Tolerance = 1.49012e-08
Gradient Tolerance   = 6.05545e-06
LineSearch Tolerance = 0.0001
