Test problem: erosen1
Dimension   : 2
**********************************************************
OPT++ version 2.4
Job run at Wed Oct 26 12:52:18 2016

Copyright (c) 2001, Sandia Corporation.  Under the terms of Contract
DE-AC04-94AL85000, there is a non-exclusive license for use of this
work by or on behalf of the U.S. Government.  Export of this program 
may require a license from the United States Government. 

This software is distributed under the GNU Lesser General Public License. 

For more information, see the COPYRIGHT and README files in the top 
OPT++ directory.
**********************************************************


=========  Initial state  ===========


    i	    xc 		 grad  		 fcn_accrcy 
     1        -1.2	      -215.6	    2.22e-16
     2           1	         -88	    2.22e-16
Function Value     =         24.2
Norm of gradient   =        232.9


==============================================


		Constrained Quasi-Newton Method with Trust Region / PDS
		 Initial Trust Region =        23.29

  Iter      F(x)       ||grad||     ||step||      f/g

    0         24.2        232.9
|| S_CP || =         1.2
|| S_N  || =         1.2
 TR SIZE   =       23.29

pdsstep: Using Newton Simplex

*************************  Begin Inner Iteration  *************************
Creating SCHEME file: /home/tsix/tsix/high_jump/phd/lib/optpp-2.4/tests/parallel/myscheme
pdsopt: factor  =           32
        beta    =           2

		 PDS Iteration Summary

  Iter    F(x)       ||edge||    step   fevals    jbest

    0         24.2        23.77              3       1
    1        4.728        2.971    1        67       0
pdsdone: Function tolerance passed


*************************   End Inner Iteration   *************************
    1        4.728        36.29         0.15  D    68     2
|| S_CP || =     0.02769
|| S_N  || =     0.02771
 TR SIZE   =       23.29

pdsstep: Using Newton Simplex

*************************  Begin Inner Iteration  *************************
pdsopt: factor  =           32
        beta    =           2

		 PDS Iteration Summary

  Iter    F(x)       ||edge||    step   fevals    jbest

    0        4.146      0.02771              3       0
    1        4.128     0.006926    1        67       2
pdsdone: Function tolerance passed


*************************   End Inner Iteration   *************************
    2        4.128        2.165      0.03461  D   135     3
|| S_CP || =    0.004423
|| S_N  || =    0.009238
 TR SIZE   =       23.29

pdsstep: Using Newton Simplex

*************************  Begin Inner Iteration  *************************
pdsopt: factor  =           32
        beta    =           2

		 PDS Iteration Summary

  Iter    F(x)       ||edge||    step   fevals    jbest

    0        4.111     0.009238              3       1
    1        4.016      0.03695    1        67       2
    2        3.759       0.1478    1       131       0
    3        3.097       0.2956    1       195       2
pdsdone: Function tolerance passed


*************************   End Inner Iteration   *************************
    3        3.097        17.98        0.696  D   330     4
|| S_CP || =      0.0135
|| S_N  || =     0.01958
 TR SIZE   =       23.29

pdsstep: Using Newton Simplex

*************************  Begin Inner Iteration  *************************
pdsopt: factor  =           32
        beta    =           2

		 PDS Iteration Summary

  Iter    F(x)       ||edge||    step   fevals    jbest

    0        2.909      0.01958              3       0
    1        2.741      0.03917    1        67       2
pdsdone: Function tolerance passed


*************************   End Inner Iteration   *************************
    4        2.741        2.967      0.05864  D   397     5
|| S_CP || =     0.01015
|| S_N  || =       1.105
 TR SIZE   =       23.29

pdsstep: Using Newton Simplex

*************************  Begin Inner Iteration  *************************
pdsopt: factor  =           32
        beta    =           2

		 PDS Iteration Summary

  Iter    F(x)       ||edge||    step   fevals    jbest

    0        2.725        1.105              3       0
    1        2.317       0.2763    1        67       2
pdsdone: Function tolerance passed


*************************   End Inner Iteration   *************************
    5        2.317        11.19       0.2798  D   464     6
|| S_CP || =      0.0134
|| S_N  || =      0.1526
 TR SIZE   =       46.57

pdsstep: Using Newton Simplex

*************************  Begin Inner Iteration  *************************
pdsopt: factor  =           32
        beta    =           2

		 PDS Iteration Summary

  Iter    F(x)       ||edge||    step   fevals    jbest

    0        2.182       0.1526              3       1
    1        1.835       0.3053    1        67       2
pdsdone: Function tolerance passed


*************************   End Inner Iteration   *************************
    6        1.835        13.13       0.3138  D   531     7
|| S_CP || =      0.1364
|| S_N  || =      0.1401
 TR SIZE   =       46.57

pdsstep: Using Newton Simplex

*************************  Begin Inner Iteration  *************************
pdsopt: factor  =           32
        beta    =           2

		 PDS Iteration Summary

  Iter    F(x)       ||edge||    step   fevals    jbest

    0        1.835       0.1401              3       2
    1        1.378       0.1401    1        67       0
pdsdone: Function tolerance passed


*************************   End Inner Iteration   *************************
    7        1.378        2.508      0.08152  D   598     8
|| S_CP || =     0.05802
|| S_N  || =      0.2734
 TR SIZE   =       46.57

pdsstep: Using Newton Simplex

*************************  Begin Inner Iteration  *************************
pdsopt: factor  =           32
        beta    =           2

		 PDS Iteration Summary

  Iter    F(x)       ||edge||    step   fevals    jbest

    0        1.323       0.2734              3       0
    1        1.218       0.1367    1        67       1
pdsdone: Function tolerance passed


*************************   End Inner Iteration   *************************
    8        1.218        8.484       0.1639  D   665     9
|| S_CP || =     0.02541
|| S_N  || =     0.02835
 TR SIZE   =       46.57

pdsstep: Using Newton Simplex

*************************  Begin Inner Iteration  *************************
pdsopt: factor  =           32
        beta    =           2

		 PDS Iteration Summary

  Iter    F(x)       ||edge||    step   fevals    jbest

    0        1.064      0.02835              3       0
    1       0.9775      0.02835    1        67       2
pdsdone: Function tolerance passed


*************************   End Inner Iteration   *************************
    9       0.9775        1.994      0.05578  D   732    10
|| S_CP || =      0.1675
|| S_N  || =      0.1939
 TR SIZE   =       46.57
ratio =      0.8638

pdsstep: Newton Simplex degenerate. Using default simplex

*************************  Begin Inner Iteration  *************************
pdsopt: factor  =           32
        beta    =           2

		 PDS Iteration Summary

  Iter    F(x)       ||edge||    step   fevals    jbest

    0       0.8305       0.1939              3       1
    1       0.6297       0.3878    1        67       1
pdsdone: Function tolerance passed


*************************   End Inner Iteration   *************************
   10       0.6297         2.35       0.2029  D   799    11
|| S_CP || =      0.0458
|| S_N  || =       3.265
 TR SIZE   =       46.57
ratio =     0.01403

pdsstep: Newton Simplex degenerate. Using default simplex

*************************  Begin Inner Iteration  *************************
pdsopt: factor  =           32
        beta    =           2

		 PDS Iteration Summary

  Iter    F(x)       ||edge||    step   fevals    jbest

    0       0.6297        3.265              3       2
    1       0.6297       0.8164    0        67       2
    2       0.1541       0.4082    1       131       0
pdsdone: Function tolerance passed


*************************   End Inner Iteration   *************************
   11       0.1541         5.41       0.5694  D   930    12
|| S_CP || =     0.08707
|| S_N  || =       2.585
 TR SIZE   =       46.57

pdsstep: Using Newton Simplex

*************************  Begin Inner Iteration  *************************
pdsopt: factor  =           32
        beta    =           2

		 PDS Iteration Summary

  Iter    F(x)       ||edge||    step   fevals    jbest

    0       0.1541        2.585              3       2
    1       0.1541       0.6463    0        67       2
    2      0.08439       0.1616    1       131       0
pdsdone: Function tolerance passed


*************************   End Inner Iteration   *************************
   12      0.08439        4.515       0.1622  D  1061    13
|| S_CP || =      0.1525
|| S_N  || =      0.3793
 TR SIZE   =       46.57

pdsstep: Using Newton Simplex

*************************  Begin Inner Iteration  *************************
pdsopt: factor  =           32
        beta    =           2

		 PDS Iteration Summary

  Iter    F(x)       ||edge||    step   fevals    jbest

    0      0.08439       0.3793              3       2
    1      0.05424       0.3793    1        67       1
pdsdone: Function tolerance passed


*************************   End Inner Iteration   *************************
   13      0.05424        8.919       0.3262  D  1128    14
|| S_CP || =      0.1032
|| S_N  || =       2.074
 TR SIZE   =       46.57

pdsstep: Using Newton Simplex

*************************  Begin Inner Iteration  *************************
pdsopt: factor  =           32
        beta    =           2

		 PDS Iteration Summary

  Iter    F(x)       ||edge||    step   fevals    jbest

    0      0.05424        2.074              3       2
    1      0.05424       0.5184    0        67       2
    2      0.01167       0.2592    1       131       0
pdsdone: Function tolerance passed


*************************   End Inner Iteration   *************************
   14      0.01167        2.269       0.0129  D  1259    15
|| S_CP || =    0.002621
|| S_N  || =      0.1648
 TR SIZE   =       46.57

pdsstep: Using Newton Simplex

*************************  Begin Inner Iteration  *************************
pdsopt: factor  =           32
        beta    =           2

		 PDS Iteration Summary

  Iter    F(x)       ||edge||    step   fevals    jbest

    0     0.002852       0.1648              3       1
    1    0.0007418      0.08239    1        67       2
pdsdone: Function tolerance passed


*************************   End Inner Iteration   *************************
   15    0.0007418       0.9694       0.1647  D  1326    16
|| S_CP || =    0.000743
|| S_N  || =     0.01869
 TR SIZE   =       93.15

pdsstep: Using Newton Simplex

*************************  Begin Inner Iteration  *************************
pdsopt: factor  =           32
        beta    =           2

		 PDS Iteration Summary

  Iter    F(x)       ||edge||    step   fevals    jbest

    0    0.0002913      0.01869              3       0
    1    3.014e-05      0.03737    1        67       2
pdsdone: Function tolerance passed


*************************   End Inner Iteration   *************************
   16    3.014e-05       0.2441      0.03738  D  1393    17
|| S_CP || =   0.0003057
|| S_N  || =    0.009599
 TR SIZE   =       93.15
ratio =     0.03185

pdsstep: Newton Simplex degenerate. Using default simplex

*************************  Begin Inner Iteration  *************************
pdsopt: factor  =           32
        beta    =           2

		 PDS Iteration Summary

  Iter    F(x)       ||edge||    step   fevals    jbest

    0    3.014e-05       0.0133              3       2
    1    8.353e-06     0.006649    1        67       1
pdsdone: Function tolerance passed


*************************   End Inner Iteration   *************************
   17    8.353e-06      0.03643       0.0048  D  1460    18
|| S_CP || =   3.638e-05
|| S_N  || =    0.006515
 TR SIZE   =       93.15
ratio =    0.005584

pdsstep: Newton Simplex degenerate. Using default simplex

*************************  Begin Inner Iteration  *************************
pdsopt: factor  =           32
        beta    =           2

		 PDS Iteration Summary

  Iter    F(x)       ||edge||    step   fevals    jbest

    0    1.793e-08     0.008871              3       1
    1    1.793e-08     0.002218    0        67       1
pdsdone: Function tolerance passed


*************************   End Inner Iteration   *************************
   18    1.793e-08    0.0002153     0.006515  N  1527    19
|| S_CP || =   3.106e-07
|| S_N  || =   0.0003027
 TR SIZE   =       186.3

pdsstep: Using Newton Simplex

*************************  Begin Inner Iteration  *************************
pdsopt: factor  =           32
        beta    =           2

		 PDS Iteration Summary

  Iter    F(x)       ||edge||    step   fevals    jbest

    0    1.486e-11    0.0003027              3       1
    1    2.658e-12    0.0001514    1        67       0
pdsdone: Function tolerance passed


*************************   End Inner Iteration   *************************
   19    2.658e-12    3.074e-05    0.0003028  D  1594    20
|| S_CP || =    3.08e-08
|| S_N  || =   3.307e-06
 TR SIZE   =       372.6

pdsstep: Using Newton Simplex

*************************  Begin Inner Iteration  *************************
pdsopt: factor  =           32
        beta    =           2

		 PDS Iteration Summary

  Iter    F(x)       ||edge||    step   fevals    jbest

    0    1.889e-18    3.307e-06              3       1
    1    1.889e-18    8.268e-07    0        67       1
pdsdone: Function tolerance passed


*************************   End Inner Iteration   *************************
   20    1.889e-18    3.345e-08    3.307e-06  N  1661    21
CheckConvg: deltaf =    2.658e-12  ftol =     1.49e-08
wall clock time =      0.0132


=========  Solution from quasi-newton  ===========

Optimization method       = Constrained Quasi-Newton
Dimension of the problem  = 2
Return code               = 2 (Function tolerance test passed)
No. iterations taken      = 20
No. function evaluations  = 1661
No. gradient evaluations  = 21


==========  Tolerances  ===========

Machine Epsilon      = 2.22045e-16
Maximum Step         = 1000
Minimum Step         = 1.49012e-08
Maximum Iter         = 100
Maximum Backtracks   = 5
Maximum Fcn Eval     = 10000
Step Tolerance       = 1.49012e-08
Function Tolerance   = 1.49012e-08
Constraint Tolerance = 1.49012e-08
Gradient Tolerance   = 6.05545e-06
LineSearch Tolerance = 0.0001


=========  Solution from quasi-newton  ===========


    i	    xc 		 grad  		 fcn_accrcy 
     1           1	  -2.946e-08	    2.22e-16
     2           1	   1.585e-08	    2.22e-16
Function Value     =    1.889e-18
Norm of gradient   =    3.345e-08


==============================================



=========  Solution from quasi-newton  ===========


    i	   y    



=====================================


    i	    z 	      s

